main.c:73:6:I2C_send	32	static
main.c:101:6:LCD_SendString	16	static
main.c:112:16:I2C1_MCP23017_GET_REG	32	static
main.c:120:16:I2C2_MCP23017_GET_REG	32	static
main.c:129:13:I2C1_MCP23017_SET_REG	32	static
main.c:136:13:I2C2_MCP23017_SET_REG	32	static
main.c:144:13:I2C_MCP23017_SET_PIN_MODE	24	static
main.c:171:13:I2C_MCP23017_SET_PIN_STATE	24	static
main.c:209:5:main	8	static
main.c:272:6:SystemClock_Config	72	static
main.c:308:13:MX_I2C1_Init	8	static
main.c:340:13:MX_I2C2_Init	8	static
main.c:372:13:MX_GPIO_Init	24	static
main.c:389:6:Error_Handler	4	static,ignoring_inline_asm
